<?xml version="1.0"?>
<testsuite name="HeadlessChrome 0.0.0 (Linux 0.0.0)" package="unit" timestamp="2020-07-25T11:52:30" id="0" hostname="workspaceg24555jpqz54dbs9.ws-7bfdfc8b76-bnwfm" tests="2" errors="0" failures="0" time="0.016">
  <properties>
    <property name="browser.fullName" value="Mozilla/5.0 (X11; Linux x86_64) AppleWebKit/537.36 (KHTML, like Gecko) HeadlessChrome/78.0.3904.108 Safari/537.36"/>
  </properties>
  <testcase name="Unit Test Do not remove Check 1" time="0.014" classname="unit.Unit Test"/>
  <testcase name="Unit Test Do not remove Check 2" time="0.002" classname="unit.Unit Test"/>
  <system-out>
    <![CDATA[
]]>
  </system-out>
  <system-err/>
</testsuite>